.                                        |  WARN  Unsupported engine: wanted: {"node":"v25.4.0"} (current: {"node":"v24.11.1","pnpm":"10.13.1"})
apps/web                                 |  WARN  The field "pnpm.overrides" was found in /Users/ilannildovianadacruz/Documents/www/kikosfitness/kikos-crm/apps/web/package.json. This will not take effect. You should configure "pnpm.overrides" at the root of the workspace instead.

> web@0.1.0 build /Users/ilannildovianadacruz/Documents/www/kikosfitness/kikos-crm/apps/web
> next build

   ▲ Next.js 15.4.5
   - Environments: .env

   Creating an optimized production build ...
 ⚠ Compiled with warnings in 2000ms

../../node_modules/.pnpm/axios@1.19.0/node_modules/axios/lib/utils.js
A Node.js API is used (setImmediate at line: 914) which is not supported in the Edge Runtime.
Learn more: https://nextjs.org/docs/api-reference/edge-runtime

Import trace for requested module:
../../node_modules/.pnpm/axios@1.19.0/node_modules/axios/lib/utils.js
../../node_modules/.pnpm/axios@1.19.0/node_modules/axios/lib/axios.js
../../node_modules/.pnpm/axios@1.19.0/node_modules/axios/index.js

../../node_modules/.pnpm/axios@1.19.0/node_modules/axios/lib/utils.js
A Node.js API is used (setImmediate at line: 935) which is not supported in the Edge Runtime.
Learn more: https://nextjs.org/docs/api-reference/edge-runtime

Import trace for requested module:
../../node_modules/.pnpm/axios@1.19.0/node_modules/axios/lib/utils.js
../../node_modules/.pnpm/axios@1.19.0/node_modules/axios/lib/axios.js
../../node_modules/.pnpm/axios@1.19.0/node_modules/axios/index.js

../../node_modules/.pnpm/axios@1.19.0/node_modules/axios/lib/utils.js
A Node.js API is used (process.nextTick at line: 946) which is not supported in the Edge Runtime.
Learn more: https://nextjs.org/docs/api-reference/edge-runtime

Import trace for requested module:
../../node_modules/.pnpm/axios@1.19.0/node_modules/axios/lib/utils.js
../../node_modules/.pnpm/axios@1.19.0/node_modules/axios/lib/axios.js
../../node_modules/.pnpm/axios@1.19.0/node_modules/axios/index.js

../../node_modules/.pnpm/jose@6.2.8/node_modules/jose/dist/webapi/lib/deflate.js
A Node.js API is used (CompressionStream at line: 10) which is not supported in the Edge Runtime.
Learn more: https://nextjs.org/docs/api-reference/edge-runtime

Import trace for requested module:
../../node_modules/.pnpm/jose@6.2.8/node_modules/jose/dist/webapi/lib/deflate.js
../../node_modules/.pnpm/jose@6.2.8/node_modules/jose/dist/webapi/lib/jwe_decrypt.js
../../node_modules/.pnpm/jose@6.2.8/node_modules/jose/dist/webapi/jwt/decrypt.js
../../node_modules/.pnpm/jose@6.2.8/node_modules/jose/dist/webapi/index.js
../../node_modules/.pnpm/better-auth@1.6.26_@prisma+client@7.9.1_prisma@7.9.1_@types+react-dom@19.1.7_@types+rea_6e002cea02f31677c969ff2e48f6e619/node_modules/better-auth/dist/crypto/jwt.mjs
../../node_modules/.pnpm/better-auth@1.6.26_@prisma+client@7.9.1_prisma@7.9.1_@types+react-dom@19.1.7_@types+rea_6e002cea02f31677c969ff2e48f6e619/node_modules/better-auth/dist/cookies/index.mjs

../../node_modules/.pnpm/jose@6.2.8/node_modules/jose/dist/webapi/lib/deflate.js
A Node.js API is used (DecompressionStream at line: 26) which is not supported in the Edge Runtime.
Learn more: https://nextjs.org/docs/api-reference/edge-runtime

Import trace for requested module:
../../node_modules/.pnpm/jose@6.2.8/node_modules/jose/dist/webapi/lib/deflate.js
../../node_modules/.pnpm/jose@6.2.8/node_modules/jose/dist/webapi/lib/jwe_decrypt.js
../../node_modules/.pnpm/jose@6.2.8/node_modules/jose/dist/webapi/jwt/decrypt.js
../../node_modules/.pnpm/jose@6.2.8/node_modules/jose/dist/webapi/index.js
../../node_modules/.pnpm/better-auth@1.6.26_@prisma+client@7.9.1_prisma@7.9.1_@types+react-dom@19.1.7_@types+rea_6e002cea02f31677c969ff2e48f6e619/node_modules/better-auth/dist/crypto/jwt.mjs
../../node_modules/.pnpm/better-auth@1.6.26_@prisma+client@7.9.1_prisma@7.9.1_@types+react-dom@19.1.7_@types+rea_6e002cea02f31677c969ff2e48f6e619/node_modules/better-auth/dist/cookies/index.mjs

 ✓ Compiled successfully in 10.0s
   Linting and checking validity of types ...

./src/app/(app)/deals/page.tsx
13:10  Warning: 'Drawer' is defined but never used.  @typescript-eslint/no-unused-vars

./src/app/(app)/leads/novo/page.tsx
40:17  Warning: 'lead' is defined but never used.  @typescript-eslint/no-unused-vars

./src/app/(app)/leads/page.tsx
30:32  Warning: 'isLoadingMe' is assigned a value but never used.  @typescript-eslint/no-unused-vars

./src/app/login/page.tsx
9:10  Warning: 'Target' is defined but never used.  @typescript-eslint/no-unused-vars

./src/app/register/page.tsx
4:10  Warning: 'api' is defined but never used.  @typescript-eslint/no-unused-vars
11:10  Warning: 'Target' is defined but never used.  @typescript-eslint/no-unused-vars

./src/components/ui/money-input.tsx
34:3  Warning: 'className' is defined but never used.  @typescript-eslint/no-unused-vars

./src/env.mjs
15:27  Warning: 'process' is not defined.  no-undef
16:13  Warning: 'process' is not defined.  no-undef
17:20  Warning: BETTER_AUTH_URL is not listed as a dependency in turbo.json  turbo/no-undeclared-env-vars
17:20  Warning: 'process' is not defined.  no-undef
18:24  Warning: 'process' is not defined.  no-undef
19:20  Warning: 'process' is not defined.  no-undef
21:21  Warning: SKIP_ENV_VALIDATION is not listed as a dependency in turbo.json  turbo/no-undeclared-env-vars
21:21  Warning: 'process' is not defined.  no-undef

./src/middleware.ts
31:19  Warning: Unexpected any. Specify a different type.  @typescript-eslint/no-explicit-any

./src/services/api.ts
32:11  Warning: Empty block statement.  no-empty
39:24  Warning: Unexpected any. Specify a different type.  @typescript-eslint/no-explicit-any
43:24  Warning: Unexpected any. Specify a different type.  @typescript-eslint/no-explicit-any

./src/trpc/react.tsx
73:7  Warning: VERCEL_URL is not listed as a dependency in turbo.json  turbo/no-undeclared-env-vars
73:49  Warning: VERCEL_URL is not listed as a dependency in turbo.json  turbo/no-undeclared-env-vars
74:30  Warning: PORT is not listed as a dependency in turbo.json  turbo/no-undeclared-env-vars

info  - Need to disable some ESLint rules? Learn more here: https://nextjs.org/docs/app/api-reference/config/eslint#disabling-rules
   Collecting page data ...
   Generating static pages (0/13) ...
   Generating static pages (3/13) 
   Generating static pages (6/13) 
   Generating static pages (9/13) 
 ✓ Generating static pages (13/13)
   Finalizing page optimization ...
   Collecting build traces ...

Route (app)                                 Size  First Load JS
┌ ƒ /                                      131 B         100 kB
├ ƒ /_not-found                            990 B         101 kB
├ ƒ /api/auth/[...path]                    131 B         100 kB
├ ƒ /api/trpc/[trpc]                       131 B         100 kB
├ ƒ /dashboard                           6.14 kB         224 kB
├ ƒ /deals                               7.45 kB         226 kB
├ ƒ /deals/novo                          2.63 kB         238 kB
├ ƒ /leads                               5.95 kB         224 kB
├ ƒ /leads/novo                          1.78 kB         237 kB
├ ƒ /login                               2.78 kB         216 kB
├ ƒ /register                            2.78 kB         216 kB
└ ƒ /sellers                               23 kB         254 kB
+ First Load JS shared by all             100 kB
  ├ chunks/06b0052f-7b3bfaf65a8bfdc6.js  54.1 kB
  ├ chunks/122-0bb7f09c3c1fdd05.js       44.2 kB
  └ other shared chunks (total)          1.93 kB


ƒ Middleware                              243 kB

ƒ  (Dynamic)  server-rendered on demand

