.                                        |  WARN  Unsupported engine: wanted: {"node":"v25.4.0"} (current: {"node":"v24.11.1","pnpm":"10.13.1"})
apps/web                                 |  WARN  The field "pnpm.overrides" was found in /Users/ilannildovianadacruz/Documents/www/kikosfitness/kikos-crm/apps/web/package.json. This will not take effect. You should configure "pnpm.overrides" at the root of the workspace instead.

> web@0.1.0 lint /Users/ilannildovianadacruz/Documents/www/kikosfitness/kikos-crm/apps/web
> next lint --max-warnings 0


./src/app/(app)/deals/page.tsx
13:10  Warning: 'Drawer' is defined but never used.  @typescript-eslint/no-unused-vars

./src/app/(app)/leads/novo/page.tsx
40:17  Warning: 'lead' is defined but never used.  @typescript-eslint/no-unused-vars

./src/app/(app)/leads/page.tsx
30:32  Warning: 'isLoadingMe' is assigned a value but never used.  @typescript-eslint/no-unused-vars

./src/app/login/page.tsx
9:10  Warning: 'Target' is defined but never used.  @typescript-eslint/no-unused-vars

./src/app/register/page.tsx
4:10  Warning: 'api' is defined but never used.  @typescript-eslint/no-unused-vars
11:10  Warning: 'Target' is defined but never used.  @typescript-eslint/no-unused-vars

./src/components/ui/money-input.tsx
34:3  Warning: 'className' is defined but never used.  @typescript-eslint/no-unused-vars

./src/env.mjs
15:27  Warning: 'process' is not defined.  no-undef
16:13  Warning: 'process' is not defined.  no-undef
17:20  Warning: BETTER_AUTH_URL is not listed as a dependency in turbo.json  turbo/no-undeclared-env-vars
17:20  Warning: 'process' is not defined.  no-undef
18:24  Warning: 'process' is not defined.  no-undef
19:20  Warning: 'process' is not defined.  no-undef
21:21  Warning: SKIP_ENV_VALIDATION is not listed as a dependency in turbo.json  turbo/no-undeclared-env-vars
21:21  Warning: 'process' is not defined.  no-undef

./src/middleware.ts
31:19  Warning: Unexpected any. Specify a different type.  @typescript-eslint/no-explicit-any

./src/services/api.ts
32:11  Warning: Empty block statement.  no-empty
39:24  Warning: Unexpected any. Specify a different type.  @typescript-eslint/no-explicit-any
43:24  Warning: Unexpected any. Specify a different type.  @typescript-eslint/no-explicit-any

./src/trpc/react.tsx
73:7  Warning: VERCEL_URL is not listed as a dependency in turbo.json  turbo/no-undeclared-env-vars
73:49  Warning: VERCEL_URL is not listed as a dependency in turbo.json  turbo/no-undeclared-env-vars
74:30  Warning: PORT is not listed as a dependency in turbo.json  turbo/no-undeclared-env-vars

info  - Need to disable some ESLint rules? Learn more here: https://nextjs.org/docs/app/api-reference/config/eslint#disabling-rules
/Users/ilannildovianadacruz/Documents/www/kikosfitness/kikos-crm/apps/web:
 ERR_PNPM_RECURSIVE_RUN_FIRST_FAIL  web@0.1.0 lint: `next lint --max-warnings 0`
Exit status 1
