.                                        |  WARN  Unsupported engine: wanted: {"node":"v25.4.0"} (current: {"node":"v24.11.1","pnpm":"10.13.1"})
apps/web                                 |  WARN  The field "pnpm.overrides" was found in /Users/ilannildovianadacruz/Documents/www/kikosfitness/kikos-crm/apps/web/package.json. This will not take effect. You should configure "pnpm.overrides" at the root of the workspace instead.

> web@0.1.0 build /Users/ilannildovianadacruz/Documents/www/kikosfitness/kikos-crm/apps/web
> next build

   ▲ Next.js 15.4.5
   - Environments: .env

   Creating an optimized production build ...
 ⚠ Compiled with warnings in 2000ms

../../node_modules/.pnpm/axios@1.19.0/node_modules/axios/lib/utils.js
A Node.js API is used (setImmediate at line: 914) which is not supported in the Edge Runtime.
Learn more: https://nextjs.org/docs/api-reference/edge-runtime

Import trace for requested module:
../../node_modules/.pnpm/axios@1.19.0/node_modules/axios/lib/utils.js
../../node_modules/.pnpm/axios@1.19.0/node_modules/axios/lib/axios.js
../../node_modules/.pnpm/axios@1.19.0/node_modules/axios/index.js

../../node_modules/.pnpm/axios@1.19.0/node_modules/axios/lib/utils.js
A Node.js API is used (setImmediate at line: 935) which is not supported in the Edge Runtime.
Learn more: https://nextjs.org/docs/api-reference/edge-runtime

Import trace for requested module:
../../node_modules/.pnpm/axios@1.19.0/node_modules/axios/lib/utils.js
../../node_modules/.pnpm/axios@1.19.0/node_modules/axios/lib/axios.js
../../node_modules/.pnpm/axios@1.19.0/node_modules/axios/index.js

../../node_modules/.pnpm/axios@1.19.0/node_modules/axios/lib/utils.js
A Node.js API is used (process.nextTick at line: 946) which is not supported in the Edge Runtime.
Learn more: https://nextjs.org/docs/api-reference/edge-runtime

Import trace for requested module:
../../node_modules/.pnpm/axios@1.19.0/node_modules/axios/lib/utils.js
../../node_modules/.pnpm/axios@1.19.0/node_modules/axios/lib/axios.js
../../node_modules/.pnpm/axios@1.19.0/node_modules/axios/index.js

../../node_modules/.pnpm/jose@6.2.8/node_modules/jose/dist/webapi/lib/deflate.js
A Node.js API is used (CompressionStream at line: 10) which is not supported in the Edge Runtime.
Learn more: https://nextjs.org/docs/api-reference/edge-runtime

Import trace for requested module:
../../node_modules/.pnpm/jose@6.2.8/node_modules/jose/dist/webapi/lib/deflate.js
../../node_modules/.pnpm/jose@6.2.8/node_modules/jose/dist/webapi/lib/jwe_decrypt.js
../../node_modules/.pnpm/jose@6.2.8/node_modules/jose/dist/webapi/jwt/decrypt.js
../../node_modules/.pnpm/jose@6.2.8/node_modules/jose/dist/webapi/index.js
../../node_modules/.pnpm/better-auth@1.6.26_@prisma+client@7.9.1_prisma@7.9.1_@types+react-dom@19.1.7_@types+rea_6e002cea02f31677c969ff2e48f6e619/node_modules/better-auth/dist/crypto/jwt.mjs
../../node_modules/.pnpm/better-auth@1.6.26_@prisma+client@7.9.1_prisma@7.9.1_@types+react-dom@19.1.7_@types+rea_6e002cea02f31677c969ff2e48f6e619/node_modules/better-auth/dist/cookies/index.mjs

../../node_modules/.pnpm/jose@6.2.8/node_modules/jose/dist/webapi/lib/deflate.js
A Node.js API is used (DecompressionStream at line: 26) which is not supported in the Edge Runtime.
Learn more: https://nextjs.org/docs/api-reference/edge-runtime

Import trace for requested module:
../../node_modules/.pnpm/jose@6.2.8/node_modules/jose/dist/webapi/lib/deflate.js
../../node_modules/.pnpm/jose@6.2.8/node_modules/jose/dist/webapi/lib/jwe_decrypt.js
../../node_modules/.pnpm/jose@6.2.8/node_modules/jose/dist/webapi/jwt/decrypt.js
../../node_modules/.pnpm/jose@6.2.8/node_modules/jose/dist/webapi/index.js
../../node_modules/.pnpm/better-auth@1.6.26_@prisma+client@7.9.1_prisma@7.9.1_@types+react-dom@19.1.7_@types+rea_6e002cea02f31677c969ff2e48f6e619/node_modules/better-auth/dist/crypto/jwt.mjs
../../node_modules/.pnpm/better-auth@1.6.26_@prisma+client@7.9.1_prisma@7.9.1_@types+react-dom@19.1.7_@types+rea_6e002cea02f31677c969ff2e48f6e619/node_modules/better-auth/dist/cookies/index.mjs

 ✓ Compiled successfully in 12.0s
   Linting and checking validity of types ...

./src/app/(app)/deals/page.tsx
13:10  Warning: 'Drawer' is defined but never used.  @typescript-eslint/no-unused-vars

./src/app/(app)/leads/novo/page.tsx
40:17  Warning: 'lead' is defined but never used.  @typescript-eslint/no-unused-vars

./src/app/(app)/leads/page.tsx
30:32  Warning: 'isLoadingMe' is assigned a value but never used.  @typescript-eslint/no-unused-vars

./src/app/login/page.tsx
9:10  Warning: 'Target' is defined but never used.  @typescript-eslint/no-unused-vars

./src/app/register/page.tsx
4:10  Warning: 'api' is defined but never used.  @typescript-eslint/no-unused-vars
11:10  Warning: 'Target' is defined but never used.  @typescript-eslint/no-unused-vars

./src/components/ui/money-input.tsx
34:3  Warning: 'className' is defined but never used.  @typescript-eslint/no-unused-vars

./src/env.mjs
15:27  Warning: 'process' is not defined.  no-undef
16:13  Warning: 'process' is not defined.  no-undef
17:20  Warning: BETTER_AUTH_URL is not listed as a dependency in turbo.json  turbo/no-undeclared-env-vars
17:20  Warning: 'process' is not defined.  no-undef
18:24  Warning: 'process' is not defined.  no-undef
19:20  Warning: 'process' is not defined.  no-undef
21:21  Warning: SKIP_ENV_VALIDATION is not listed as a dependency in turbo.json  turbo/no-undeclared-env-vars
21:21  Warning: 'process' is not defined.  no-undef

./src/middleware.ts
31:19  Warning: Unexpected any. Specify a different type.  @typescript-eslint/no-explicit-any

./src/services/api.ts
32:11  Warning: Empty block statement.  no-empty
39:24  Warning: Unexpected any. Specify a different type.  @typescript-eslint/no-explicit-any
43:24  Warning: Unexpected any. Specify a different type.  @typescript-eslint/no-explicit-any

./src/trpc/react.tsx
73:7  Warning: VERCEL_URL is not listed as a dependency in turbo.json  turbo/no-undeclared-env-vars
73:49  Warning: VERCEL_URL is not listed as a dependency in turbo.json  turbo/no-undeclared-env-vars
74:30  Warning: PORT is not listed as a dependency in turbo.json  turbo/no-undeclared-env-vars

info  - Need to disable some ESLint rules? Learn more here: https://nextjs.org/docs/app/api-reference/config/eslint#disabling-rules
   Collecting page data ...
unhandledRejection [Error: Cannot find module '../chunks/ssr/[turbopack]_runtime.js'
Require stack:
- /Users/ilannildovianadacruz/Documents/www/kikosfitness/kikos-crm/apps/web/.next/server/pages/_document.js
- /Users/ilannildovianadacruz/Documents/www/kikosfitness/kikos-crm/node_modules/.pnpm/next@15.4.5_@babel+core@7.29.7_react-dom@19.1.1_react@19.1.1__react@19.1.1/node_modules/next/dist/server/require.js
- /Users/ilannildovianadacruz/Documents/www/kikosfitness/kikos-crm/node_modules/.pnpm/next@15.4.5_@babel+core@7.29.7_react-dom@19.1.1_react@19.1.1__react@19.1.1/node_modules/next/dist/server/load-components.js
- /Users/ilannildovianadacruz/Documents/www/kikosfitness/kikos-crm/node_modules/.pnpm/next@15.4.5_@babel+core@7.29.7_react-dom@19.1.1_react@19.1.1__react@19.1.1/node_modules/next/dist/build/utils.js
- /Users/ilannildovianadacruz/Documents/www/kikosfitness/kikos-crm/node_modules/.pnpm/next@15.4.5_@babel+core@7.29.7_react-dom@19.1.1_react@19.1.1__react@19.1.1/node_modules/next/dist/build/worker.js
- /Users/ilannildovianadacruz/Documents/www/kikosfitness/kikos-crm/node_modules/.pnpm/next@15.4.5_@babel+core@7.29.7_react-dom@19.1.1_react@19.1.1__react@19.1.1/node_modules/next/dist/compiled/jest-worker/processChild.js] {
  type: 'Error',
  code: 'MODULE_NOT_FOUND',
  requireStack: [Array]
}
/Users/ilannildovianadacruz/Documents/www/kikosfitness/kikos-crm/apps/web:
 ERR_PNPM_RECURSIVE_RUN_FIRST_FAIL  web@0.1.0 build: `next build`
Exit status 1
